MO tlm_rx_data_snk_pwr_mgmt NULL /afs/csail.mit.edu/group/csg/tools/tools_lx86/bluespec/Bluespec-2013.01.beta7-ghc612/lib/board_support/bluenoc/xilinx/XUPV5/verilog/endpoint_blk_plus_v1_14/source/tlm_rx_data_snk_pwr_mgmt.v vlg56/tlm__rx__data__snk__pwr__mgmt.bin 1367815730
MO cmm_errman_cpl NULL /afs/csail.mit.edu/group/csg/tools/tools_lx86/bluespec/Bluespec-2013.01.beta7-ghc612/lib/board_support/bluenoc/xilinx/XUPV5/verilog/endpoint_blk_plus_v1_14/source/cmm_errman_cpl.v vlg53/cmm__errman__cpl.bin 1367815729
MO bram_common NULL /afs/csail.mit.edu/group/csg/tools/tools_lx86/bluespec/Bluespec-2013.01.beta7-ghc612/lib/board_support/bluenoc/xilinx/XUPV5/verilog/endpoint_blk_plus_v1_14/source/bram_common.v vlg02/bram__common.bin 1367815729
MO cmm_errman_ram4x26 NULL /afs/csail.mit.edu/group/csg/tools/tools_lx86/bluespec/Bluespec-2013.01.beta7-ghc612/lib/board_support/bluenoc/xilinx/XUPV5/verilog/endpoint_blk_plus_v1_14/source/cmm_errman_ram4x26.v vlg4C/cmm__errman__ram4x26.bin 1367815729
MO cmm_errman_cor NULL /afs/csail.mit.edu/group/csg/tools/tools_lx86/bluespec/Bluespec-2013.01.beta7-ghc612/lib/board_support/bluenoc/xilinx/XUPV5/verilog/endpoint_blk_plus_v1_14/source/cmm_errman_cor.v vlg54/cmm__errman__cor.bin 1367815729
MO tlm_rx_data_snk NULL /afs/csail.mit.edu/group/csg/tools/tools_lx86/bluespec/Bluespec-2013.01.beta7-ghc612/lib/board_support/bluenoc/xilinx/XUPV5/verilog/endpoint_blk_plus_v1_14/source/tlm_rx_data_snk.v vlg2A/tlm__rx__data__snk.bin 1367815730
MO pcie_blk_cf NULL /afs/csail.mit.edu/group/csg/tools/tools_lx86/bluespec/Bluespec-2013.01.beta7-ghc612/lib/board_support/bluenoc/xilinx/XUPV5/verilog/endpoint_blk_plus_v1_14/source/pcie_blk_cf.v vlg31/pcie__blk__cf.bin 1367815730
MO pcie_blk_cf_err NULL /afs/csail.mit.edu/group/csg/tools/tools_lx86/bluespec/Bluespec-2013.01.beta7-ghc612/lib/board_support/bluenoc/xilinx/XUPV5/verilog/endpoint_blk_plus_v1_14/source/pcie_blk_cf_err.v vlg0D/pcie__blk__cf__err.bin 1367815730
MO pcie_gt_wrapper NULL /afs/csail.mit.edu/group/csg/tools/tools_lx86/bluespec/Bluespec-2013.01.beta7-ghc612/lib/board_support/bluenoc/xilinx/XUPV5/verilog/endpoint_blk_plus_v1_14/source/pcie_gt_wrapper.v vlg4F/pcie__gt__wrapper.bin 1367815730
MO pcie_blk_ll_tx NULL /afs/csail.mit.edu/group/csg/tools/tools_lx86/bluespec/Bluespec-2013.01.beta7-ghc612/lib/board_support/bluenoc/xilinx/XUPV5/verilog/endpoint_blk_plus_v1_14/source/pcie_blk_ll_tx.v vlg57/pcie__blk__ll__tx.bin 1367815730
MO ClockInverter NULL /afs/csail.mit.edu/group/csg/tools/tools_lx86/bluespec/Bluespec-2013.01.beta7-ghc612/lib/Verilog/ClockInverter.v vlg1F/_clock_inverter.bin 1367815728
MO ProbeHook NULL /afs/csail.mit.edu/group/csg/tools/tools_lx86/bluespec/Bluespec-2013.01.beta7-ghc612/lib/Verilog/ProbeHook.v vlg35/_probe_hook.bin 1367815728
MO cmm_errman_nfl NULL /afs/csail.mit.edu/group/csg/tools/tools_lx86/bluespec/Bluespec-2013.01.beta7-ghc612/lib/board_support/bluenoc/xilinx/XUPV5/verilog/endpoint_blk_plus_v1_14/source/cmm_errman_nfl.v vlg34/cmm__errman__nfl.bin 1367815729
MO pcie_blk_if NULL /afs/csail.mit.edu/group/csg/tools/tools_lx86/bluespec/Bluespec-2013.01.beta7-ghc612/lib/board_support/bluenoc/xilinx/XUPV5/verilog/endpoint_blk_plus_v1_14/source/pcie_blk_if.v vlg4F/pcie__blk__if.bin 1367815730
MO mkTLPDispatcher NULL /afs/csail.mit.edu/group/csg/tools/tools_lx86/bluespec/Bluespec-2013.01.beta7-ghc612/lib/Libraries/mkTLPDispatcher.v vlg73/mk_t_l_p_dispatcher.bin 1367815728
MO pcie_blk_ll_tx_arb NULL /afs/csail.mit.edu/group/csg/tools/tools_lx86/bluespec/Bluespec-2013.01.beta7-ghc612/lib/board_support/bluenoc/xilinx/XUPV5/verilog/endpoint_blk_plus_v1_14/source/pcie_blk_ll_tx_arb.v vlg5F/pcie__blk__ll__tx__arb.bin 1367815730
MO mkIMemory NULL /afs/athena.mit.edu/user/r/d/rdeits/6.375-final-project/src/scemi/fpga/vlog_dut/mkIMemory.v vlg76/mk_i_memory.bin 1367815729
MO SyncReset0 NULL /afs/csail.mit.edu/group/csg/tools/tools_lx86/bluespec/Bluespec-2013.01.beta7-ghc612/lib/Verilog/SyncReset0.v vlg70/_sync_reset0.bin 1367815729
MO pcie_blk_ll NULL /afs/csail.mit.edu/group/csg/tools/tools_lx86/bluespec/Bluespec-2013.01.beta7-ghc612/lib/board_support/bluenoc/xilinx/XUPV5/verilog/endpoint_blk_plus_v1_14/source/pcie_blk_ll.v vlg64/pcie__blk__ll.bin 1367815730
MO pcie_top_wrapper NULL /afs/csail.mit.edu/group/csg/tools/tools_lx86/bluespec/Bluespec-2013.01.beta7-ghc612/lib/board_support/bluenoc/xilinx/XUPV5/verilog/endpoint_blk_plus_v1_14/source/pcie_top.v vlg47/pcie__top__wrapper.bin 1367815730
MO FIFO2 NULL /afs/csail.mit.edu/group/csg/tools/tools_lx86/bluespec/Bluespec-2013.01.beta7-ghc612/lib/Verilog/FIFO2.v vlg1E/_f_i_f_o2.bin 1367815728
MO cmm_intr NULL /afs/csail.mit.edu/group/csg/tools/tools_lx86/bluespec/Bluespec-2013.01.beta7-ghc612/lib/board_support/bluenoc/xilinx/XUPV5/verilog/endpoint_blk_plus_v1_14/source/cmm_intr.v vlg75/cmm__intr.bin 1367815729
MO SyncResetA NULL /afs/csail.mit.edu/group/csg/tools/tools_lx86/bluespec/Bluespec-2013.01.beta7-ghc612/lib/Verilog/SyncResetA.v vlg01/_sync_reset_a.bin 1367815729
MO SizedFIFO NULL /afs/csail.mit.edu/group/csg/tools/tools_lx86/bluespec/Bluespec-2013.01.beta7-ghc612/lib/Verilog/SizedFIFO.v vlg3B/_sized_f_i_f_o.bin 1367815728
MO tlm_rx_data_snk_mal NULL /afs/csail.mit.edu/group/csg/tools/tools_lx86/bluespec/Bluespec-2013.01.beta7-ghc612/lib/board_support/bluenoc/xilinx/XUPV5/verilog/endpoint_blk_plus_v1_14/source/tlm_rx_data_snk_mal.v vlg63/tlm__rx__data__snk__mal.bin 1367815730
MO mkSceMiUInt64Parameter NULL /afs/csail.mit.edu/group/csg/tools/tools_lx86/bluespec/Bluespec-2013.01.beta7-ghc612/lib/Libraries/mkSceMiUInt64Parameter.v vlg10/mk_sce_mi_u_int64_parameter.bin 1367815728
MO pcie_gt_wrapper_top NULL /afs/csail.mit.edu/group/csg/tools/tools_lx86/bluespec/Bluespec-2013.01.beta7-ghc612/lib/board_support/bluenoc/xilinx/XUPV5/verilog/endpoint_blk_plus_v1_14/source/pcie_gt_wrapper_top.v vlg31/pcie__gt__wrapper__top.bin 1367815730
MO MakeClock NULL /afs/csail.mit.edu/group/csg/tools/tools_lx86/bluespec/Bluespec-2013.01.beta7-ghc612/lib/Verilog/MakeClock.v vlg66/_make_clock.bin 1367815728
MO pcie_blk_cf_arb NULL /afs/csail.mit.edu/group/csg/tools/tools_lx86/bluespec/Bluespec-2013.01.beta7-ghc612/lib/board_support/bluenoc/xilinx/XUPV5/verilog/endpoint_blk_plus_v1_14/source/pcie_blk_cf_arb.v vlg19/pcie__blk__cf__arb.bin 1367815730
MO ResetEither NULL /afs/csail.mit.edu/group/csg/tools/tools_lx86/bluespec/Bluespec-2013.01.beta7-ghc612/lib/Verilog/ResetEither.v vlg5C/_reset_either.bin 1367815728
MO SyncFIFO NULL /afs/csail.mit.edu/group/csg/tools/tools_lx86/bluespec/Bluespec-2013.01.beta7-ghc612/lib/Verilog/SyncFIFO.v vlg4D/_sync_f_i_f_o.bin 1367815729
MO cmm_errman_cnt_en NULL /afs/csail.mit.edu/group/csg/tools/tools_lx86/bluespec/Bluespec-2013.01.beta7-ghc612/lib/board_support/bluenoc/xilinx/XUPV5/verilog/endpoint_blk_plus_v1_14/source/cmm_errman_cnt_en.v vlg3B/cmm__errman__cnt__en.bin 1367815729
MO cmm_errman_ftl NULL /afs/csail.mit.edu/group/csg/tools/tools_lx86/bluespec/Bluespec-2013.01.beta7-ghc612/lib/board_support/bluenoc/xilinx/XUPV5/verilog/endpoint_blk_plus_v1_14/source/cmm_errman_ftl.v vlg32/cmm__errman__ftl.bin 1367815729
MO pcie_clocking NULL /afs/csail.mit.edu/group/csg/tools/tools_lx86/bluespec/Bluespec-2013.01.beta7-ghc612/lib/board_support/bluenoc/xilinx/XUPV5/verilog/endpoint_blk_plus_v1_14/source/pcie_clocking.v vlg4E/pcie__clocking.bin 1367815730
MO BRAM1 NULL /afs/csail.mit.edu/group/csg/tools/tools_lx86/bluespec/Bluespec-2013.01.beta7-ghc612/lib/Verilog/BRAM1.v vlg37/_b_r_a_m1.bin 1367815728
MO BRAM2 NULL /afs/csail.mit.edu/group/csg/tools/tools_lx86/bluespec/Bluespec-2013.01.beta7-ghc612/lib/Verilog/BRAM2.v vlg38/_b_r_a_m2.bin 1367815728
MO mkSceMiUInt32Parameter NULL /afs/csail.mit.edu/group/csg/tools/tools_lx86/bluespec/Bluespec-2013.01.beta7-ghc612/lib/Libraries/mkSceMiUInt32Parameter.v vlg5B/mk_sce_mi_u_int32_parameter.bin 1367815728
MO pcie_blk_cf_mgmt NULL /afs/csail.mit.edu/group/csg/tools/tools_lx86/bluespec/Bluespec-2013.01.beta7-ghc612/lib/board_support/bluenoc/xilinx/XUPV5/verilog/endpoint_blk_plus_v1_14/source/pcie_blk_cf_mgmt.v vlg71/pcie__blk__cf__mgmt.bin 1367815730
MO ResetInverter NULL /afs/csail.mit.edu/group/csg/tools/tools_lx86/bluespec/Bluespec-2013.01.beta7-ghc612/lib/Verilog/ResetInverter.v vlg6A/_reset_inverter.bin 1367815728
MO cmm_errman_ram8x26 NULL /afs/csail.mit.edu/group/csg/tools/tools_lx86/bluespec/Bluespec-2013.01.beta7-ghc612/lib/board_support/bluenoc/xilinx/XUPV5/verilog/endpoint_blk_plus_v1_14/source/cmm_errman_ram8x26.v vlg40/cmm__errman__ram8x26.bin 1367815729
MO SyncBit05 NULL /afs/csail.mit.edu/group/csg/tools/tools_lx86/bluespec/Bluespec-2013.01.beta7-ghc612/lib/Verilog/SyncBit05.v vlg75/_sync_bit05.bin 1367815729
MO pcie_blk_cf_pwr NULL /afs/csail.mit.edu/group/csg/tools/tools_lx86/bluespec/Bluespec-2013.01.beta7-ghc612/lib/board_support/bluenoc/xilinx/XUPV5/verilog/endpoint_blk_plus_v1_14/source/pcie_blk_cf_pwr.v vlg39/pcie__blk__cf__pwr.bin 1367815730
MO pcie_blk_ll_arb NULL /afs/csail.mit.edu/group/csg/tools/tools_lx86/bluespec/Bluespec-2013.01.beta7-ghc612/lib/board_support/bluenoc/xilinx/XUPV5/verilog/endpoint_blk_plus_v1_14/source/pcie_blk_ll_arb.v vlg1C/pcie__blk__ll__arb.bin 1367815730
MO SyncPulse NULL /afs/csail.mit.edu/group/csg/tools/tools_lx86/bluespec/Bluespec-2013.01.beta7-ghc612/lib/Verilog/SyncPulse.v vlg36/_sync_pulse.bin 1367815729
MO pcie_blk_ll_credit NULL /afs/csail.mit.edu/group/csg/tools/tools_lx86/bluespec/Bluespec-2013.01.beta7-ghc612/lib/board_support/bluenoc/xilinx/XUPV5/verilog/endpoint_blk_plus_v1_14/source/pcie_blk_ll_credit.v vlg52/pcie__blk__ll__credit.bin 1367815730
MO TX_SYNC NULL /afs/csail.mit.edu/group/csg/tools/tools_lx86/bluespec/Bluespec-2013.01.beta7-ghc612/lib/board_support/bluenoc/xilinx/XUPV5/verilog/endpoint_blk_plus_v1_14/source/tx_sync_gtx.v vlg1C/_t_x___s_y_n_c.bin 1367815731
MO cmm_decoder NULL /afs/csail.mit.edu/group/csg/tools/tools_lx86/bluespec/Bluespec-2013.01.beta7-ghc612/lib/board_support/bluenoc/xilinx/XUPV5/verilog/endpoint_blk_plus_v1_14/source/cmm_decoder.v vlg4E/cmm__decoder.bin 1367815729
MO prod_fixes NULL /afs/csail.mit.edu/group/csg/tools/tools_lx86/bluespec/Bluespec-2013.01.beta7-ghc612/lib/board_support/bluenoc/xilinx/XUPV5/verilog/endpoint_blk_plus_v1_14/source/prod_fixes.v vlg03/prod__fixes.bin 1367815730
MO sync_fifo NULL /afs/csail.mit.edu/group/csg/tools/tools_lx86/bluespec/Bluespec-2013.01.beta7-ghc612/lib/board_support/bluenoc/xilinx/XUPV5/verilog/endpoint_blk_plus_v1_14/source/sync_fifo.v vlg20/sync__fifo.bin 1367815730
MO extend_clk NULL /afs/csail.mit.edu/group/csg/tools/tools_lx86/bluespec/Bluespec-2013.01.beta7-ghc612/lib/board_support/bluenoc/xilinx/XUPV5/verilog/endpoint_blk_plus_v1_14/source/extend_clk.v vlg41/extend__clk.bin 1367815730
MO MakeReset0 NULL /afs/csail.mit.edu/group/csg/tools/tools_lx86/bluespec/Bluespec-2013.01.beta7-ghc612/lib/Verilog/MakeReset0.v vlg05/_make_reset0.bin 1367815728
MO pcie_blk_ll_oqbqfifo NULL /afs/csail.mit.edu/group/csg/tools/tools_lx86/bluespec/Bluespec-2013.01.beta7-ghc612/lib/board_support/bluenoc/xilinx/XUPV5/verilog/endpoint_blk_plus_v1_14/source/pcie_blk_ll_oqbqfifo.v vlg16/pcie__blk__ll__oqbqfifo.bin 1367815730
MO SyncHandshake NULL /afs/csail.mit.edu/group/csg/tools/tools_lx86/bluespec/Bluespec-2013.01.beta7-ghc612/lib/Verilog/SyncHandshake.v vlg2C/_sync_handshake.bin 1367815729
MO TX_SYNC_GTP NULL /afs/csail.mit.edu/group/csg/tools/tools_lx86/bluespec/Bluespec-2013.01.beta7-ghc612/lib/board_support/bluenoc/xilinx/XUPV5/verilog/endpoint_blk_plus_v1_14/source/tx_sync_gtp.v vlg22/_t_x___s_y_n_c___g_t_p.bin 1367815731
MO endpoint_blk_plus_v1_14 NULL /afs/csail.mit.edu/group/csg/tools/tools_lx86/bluespec/Bluespec-2013.01.beta7-ghc612/lib/board_support/bluenoc/xilinx/XUPV5/verilog/endpoint_blk_plus_v1_14/source/endpoint_blk_plus_v1_14.v vlg66/endpoint__blk__plus__v1__14.bin 1367815729
MO mkSceMiLinkTypeParameter NULL /afs/csail.mit.edu/group/csg/tools/tools_lx86/bluespec/Bluespec-2013.01.beta7-ghc612/lib/Libraries/mkSceMiLinkTypeParameter.v vlg6A/mk_sce_mi_link_type_parameter.bin 1367815728
MO mkDutWrapper NULL /afs/athena.mit.edu/user/r/d/rdeits/6.375-final-project/src/scemi/fpga/vlog_dut/mkDutWrapper.v vlg3E/mk_dut_wrapper.bin 1367815729
MO my_SRL16E NULL /afs/csail.mit.edu/group/csg/tools/tools_lx86/bluespec/Bluespec-2013.01.beta7-ghc612/lib/board_support/bluenoc/xilinx/XUPV5/verilog/endpoint_blk_plus_v1_14/source/pcie_blk_ll_credit.v vlg02/my___s_r_l16_e.bin 1367815730
MO reset_logic NULL /afs/csail.mit.edu/group/csg/tools/tools_lx86/bluespec/Bluespec-2013.01.beta7-ghc612/lib/board_support/bluenoc/xilinx/XUPV5/verilog/endpoint_blk_plus_v1_14/source/pcie_reset_logic.v vlg2C/reset__logic.bin 1367815730
MO MakeResetA NULL /afs/csail.mit.edu/group/csg/tools/tools_lx86/bluespec/Bluespec-2013.01.beta7-ghc612/lib/Verilog/MakeResetA.v vlg16/_make_reset_a.bin 1367815728
MO pcie_mim_wrapper NULL /afs/csail.mit.edu/group/csg/tools/tools_lx86/bluespec/Bluespec-2013.01.beta7-ghc612/lib/board_support/bluenoc/xilinx/XUPV5/verilog/endpoint_blk_plus_v1_14/source/pcie_mim_wrapper.v vlg77/pcie__mim__wrapper.bin 1367815730
MO pcie_ep_top NULL /afs/csail.mit.edu/group/csg/tools/tools_lx86/bluespec/Bluespec-2013.01.beta7-ghc612/lib/board_support/bluenoc/xilinx/XUPV5/verilog/endpoint_blk_plus_v1_14/source/pcie_ep.v vlg0B/pcie__ep__top.bin 1367815730
MO pcie_soft_cf_int NULL /afs/csail.mit.edu/group/csg/tools/tools_lx86/bluespec/Bluespec-2013.01.beta7-ghc612/lib/board_support/bluenoc/xilinx/XUPV5/verilog/endpoint_blk_plus_v1_14/source/pcie_soft_int.v vlg2A/pcie__soft__cf__int.bin 1367815730
MO SyncWire NULL /afs/csail.mit.edu/group/csg/tools/tools_lx86/bluespec/Bluespec-2013.01.beta7-ghc612/lib/Verilog/SyncWire.v vlg2C/_sync_wire.bin 1367815729
MO cmm_errman_cnt_nfl_en NULL /afs/csail.mit.edu/group/csg/tools/tools_lx86/bluespec/Bluespec-2013.01.beta7-ghc612/lib/board_support/bluenoc/xilinx/XUPV5/verilog/endpoint_blk_plus_v1_14/source/cmm_errman_cnt_nfl_en.v vlg4A/cmm__errman__cnt__nfl__en.bin 1367815729
MO pcie_blk_plus_ll_rx NULL /afs/csail.mit.edu/group/csg/tools/tools_lx86/bluespec/Bluespec-2013.01.beta7-ghc612/lib/board_support/bluenoc/xilinx/XUPV5/verilog/endpoint_blk_plus_v1_14/source/pcie_blk_plus_ll_rx.v vlg20/pcie__blk__plus__ll__rx.bin 1367815730
MO pcie_gtx_wrapper NULL /afs/csail.mit.edu/group/csg/tools/tools_lx86/bluespec/Bluespec-2013.01.beta7-ghc612/lib/board_support/bluenoc/xilinx/XUPV5/verilog/endpoint_blk_plus_v1_14/source/pcie_gtx_wrapper.v vlg23/pcie__gtx__wrapper.bin 1367815730
MO mkBridge NULL /afs/athena.mit.edu/user/r/d/rdeits/6.375-final-project/src/scemi/fpga/vlog_dut/mkBridge.v vlg59/mk_bridge.bin 1367815729
MO pcie_blk_plus_ll_tx NULL /afs/csail.mit.edu/group/csg/tools/tools_lx86/bluespec/Bluespec-2013.01.beta7-ghc612/lib/board_support/bluenoc/xilinx/XUPV5/verilog/endpoint_blk_plus_v1_14/source/pcie_blk_plus_ll_tx.v vlg2A/pcie__blk__plus__ll__tx.bin 1367815730
MO mkPIV NULL /afs/athena.mit.edu/user/r/d/rdeits/6.375-final-project/src/scemi/fpga/vlog_dut/mkPIV.v vlg6F/mk_p_i_v.bin 1367815729
MO mkTLPArbiter NULL /afs/csail.mit.edu/group/csg/tools/tools_lx86/bluespec/Bluespec-2013.01.beta7-ghc612/lib/Libraries/mkTLPArbiter.v vlg55/mk_t_l_p_arbiter.bin 1367815728
MO tlm_rx_data_snk_bar NULL /afs/csail.mit.edu/group/csg/tools/tools_lx86/bluespec/Bluespec-2013.01.beta7-ghc612/lib/board_support/bluenoc/xilinx/XUPV5/verilog/endpoint_blk_plus_v1_14/source/tlm_rx_data_snk_bar.v vlg56/tlm__rx__data__snk__bar.bin 1367815730
